
==========
== CUDA ==
==========

CUDA Version 12.2.0

Container image Copyright (c) 2016-2023, NVIDIA CORPORATION & AFFILIATES. All rights reserved.

This container image and its contents are governed by the NVIDIA Deep Learning Container License.
By pulling and using the container, you accept the terms and conditions of this license:
https://developer.nvidia.com/ngc/nvidia-deep-learning-container-license

A copy of this license is made available in this container at /NGC-DL-CONTAINER-LICENSE for your convenience.

Successfully logged in to Hugging Face.
Using device: cuda
Dataset: geneval
FLUX model loaded successfully.

--- Processing Category with FLUX: geneval_color ---
Generating 94 images for geneval_color with FLUX...
  Generating 1/94: a photo of a blue fire hydrant...
  Generating 2/94: a photo of a pink car...
  Generating 3/94: a photo of a purple cup...
  Generating 4/94: a photo of a blue cow...
  Generating 5/94: a photo of a yellow boat...
  Generating 6/94: a photo of a blue umbrella...
  Generating 7/94: a photo of a blue elephant...
  Generating 8/94: a photo of a yellow elephant...
  Generating 9/94: a photo of a red bicycle...
  Generating 10/94: a photo of a purple suitcase...
  Generating 11/94: a photo of a purple hair drier...
  Generating 12/94: a photo of a white sandwich...
  Generating 13/94: a photo of a purple elephant...
  Generating 14/94: a photo of a green microwave...
  Generating 15/94: a photo of a red zebra...
  Generating 16/94: a photo of a red apple...
  Generating 17/94: a photo of a yellow tv remote...
  Generating 18/94: a photo of a blue toilet...
  Generating 19/94: a photo of an orange orange...
  Generating 20/94: a photo of a black donut...
  Generating 21/94: a photo of a red vase...
  Generating 22/94: a photo of a purple pizza...
  Generating 23/94: a photo of a pink skateboard...
  Generating 24/94: a photo of a green skateboard...
  Generating 25/94: a photo of a purple bear...
  Generating 26/94: a photo of a brown chair...
  Generating 27/94: a photo of a brown computer keyboard...
  Generating 28/94: a photo of an orange cow...
  Generating 29/94: a photo of a brown skis...
  Generating 30/94: a photo of a white kite...
  Generating 31/94: a photo of a red dog...
  Generating 32/94: a photo of a green couch...
  Generating 33/94: a photo of a yellow airplane...
  Generating 34/94: a photo of an orange tv...
  Generating 35/94: a photo of a white scissors...
  Generating 36/94: a photo of a pink cell phone...
  Generating 37/94: a photo of a green surfboard...
  Generating 38/94: a photo of a white fire hydrant...
  Generating 39/94: a photo of a black bicycle...
  Generating 40/94: a photo of a purple carrot...
  Generating 41/94: a photo of a black dining table...
  Generating 42/94: a photo of a purple potted plant...
  Generating 43/94: a photo of a purple backpack...
  Generating 44/94: a photo of a yellow train...
  Generating 45/94: a photo of a pink potted plant...
  Generating 46/94: a photo of a red giraffe...
  Generating 47/94: a photo of a brown bear...
  Generating 48/94: a photo of a black train...
  Generating 49/94: a photo of an orange laptop...
  Generating 50/94: a photo of a green hot dog...
  Generating 51/94: a photo of a yellow parking meter...
  Generating 52/94: a photo of a red potted plant...
  Generating 53/94: a photo of a green traffic light...
  Generating 54/94: a photo of a blue tv...
  Generating 55/94: a photo of a brown refrigerator...
  Generating 56/94: a photo of a black tv remote...
  Generating 57/94: a photo of a purple scissors...
  Generating 58/94: a photo of a yellow orange...
  Generating 59/94: a photo of a brown toaster...
  Generating 60/94: a photo of a red parking meter...
  Generating 61/94: a photo of a brown orange...
  Generating 62/94: a photo of a green clock...
  Generating 63/94: a photo of a white sheep...
  Generating 64/94: a photo of a yellow oven...
  Generating 65/94: a photo of a green vase...
  Generating 66/94: a photo of a black teddy bear...
  Generating 67/94: a photo of a yellow carrot...
  Generating 68/94: a photo of a black hot dog...
  Generating 69/94: a photo of a red scissors...
  Generating 70/94: a photo of a white teddy bear...
  Generating 71/94: a photo of a black skis...
  Generating 72/94: a photo of a blue dining table...
  Generating 73/94: a photo of a black refrigerator...
  Generating 74/94: a photo of a white dog...
  Generating 75/94: a photo of an orange scissors...
  Generating 76/94: a photo of a red cell phone...
  Generating 77/94: a photo of a white orange...
  Generating 78/94: a photo of a blue clock...
  Generating 79/94: a photo of a blue carrot...
  Generating 80/94: a photo of a green motorcycle...
  Generating 81/94: a photo of a pink stop sign...
  Generating 82/94: a photo of a black vase...
  Generating 83/94: a photo of a black backpack...
  Generating 84/94: a photo of a red car...
  Generating 85/94: a photo of a green computer mouse...
  Generating 86/94: a photo of a red backpack...
  Generating 87/94: a photo of a green bus...
  Generating 88/94: a photo of an orange toaster...
  Generating 89/94: a photo of a yellow fork...
  Generating 90/94: a photo of a pink parking meter...
  Generating 91/94: a photo of a blue book...
  Generating 92/94: a photo of a yellow broccoli...
  Generating 93/94: a photo of an orange computer mouse...
  Generating 94/94: a photo of a red cake...
Completed geneval_color with FLUX.
