
==========
== CUDA ==
==========

CUDA Version 12.2.0

Container image Copyright (c) 2016-2023, NVIDIA CORPORATION & AFFILIATES. All rights reserved.

This container image and its contents are governed by the NVIDIA Deep Learning Container License.
By pulling and using the container, you accept the terms and conditions of this license:
https://developer.nvidia.com/ngc/nvidia-deep-learning-container-license

A copy of this license is made available in this container at /NGC-DL-CONTAINER-LICENSE for your convenience.

Successfully logged in to Hugging Face.
Using device: cuda
Dataset: geneval
SD 3.5 model loaded successfully.

--- Processing Category with SD 3.5: geneval_color ---
Generating 100 images for geneval_color with SD 3.5...
  Generating 1/100: a photo of a purple wine glass and a black apple...
  Generating 2/100: a photo of a green bus and a purple microwave...
  Generating 3/100: a photo of a green skis and a brown airplane...
  Generating 4/100: a photo of a yellow computer keyboard and a black ...
  Generating 5/100: a photo of a pink oven and a green motorcycle...
  Generating 6/100: a photo of a purple parking meter and a red laptop...
  Generating 7/100: a photo of a yellow skateboard and an orange compu...
  Generating 8/100: a photo of a red skis and a brown tie...
  Generating 9/100: a photo of a pink skateboard and a black train...
  Generating 10/100: a photo of a white handbag and a purple bed...
  Generating 11/100: a photo of a purple elephant and a brown sports ba...
  Generating 12/100: a photo of a purple dog and a black dining table...
  Generating 13/100: a photo of a white dining table and a red car...
  Generating 14/100: a photo of a blue cell phone and a green apple...
  Generating 15/100: a photo of a red car and an orange potted plant...
  Generating 16/100: a photo of a brown carrot and a white potted plant...
  Generating 17/100: a photo of a black kite and a green bear...
  Generating 18/100: a photo of a blue laptop and a brown bear...
  Generating 19/100: a photo of a green teddy bear and a brown kite...
  Generating 20/100: a photo of a yellow stop sign and a blue potted pl...
  Generating 21/100: a photo of an orange snowboard and a green cat...
  Generating 22/100: a photo of an orange truck and a pink sink...
  Generating 23/100: a photo of a brown hot dog and a purple pizza...
  Generating 24/100: a photo of a green couch and an orange umbrella...
  Generating 25/100: a photo of a brown bed and a pink cell phone...
  Generating 26/100: a photo of a black broccoli and a yellow cake...
  Generating 27/100: a photo of a red train and a purple bear...
  Generating 28/100: a photo of a purple tennis racket and a black sink...
  Generating 29/100: a photo of a blue vase and a black banana...
  Generating 30/100: a photo of a blue clock and a white cup...
  Generating 31/100: a photo of a red umbrella and a blue couch...
  Generating 32/100: a photo of a white handbag and a red giraffe...
  Generating 33/100: a photo of a pink tv remote and a blue airplane...
  Generating 34/100: a photo of a pink handbag and a black scissors...
  Generating 35/100: a photo of a brown car and a pink hair drier...
  Generating 36/100: a photo of a black bus and a brown cell phone...
  Generating 37/100: a photo of a purple sheep and a pink banana...
  Generating 38/100: a photo of a blue handbag and a white cell phone...
  Generating 39/100: a photo of a white pizza and a green umbrella...
  Generating 40/100: a photo of a white tie and a purple skateboard...
  Generating 41/100: a photo of a yellow sports ball and a green boat...
  Generating 42/100: a photo of a white wine glass and a brown giraffe...
  Generating 43/100: a photo of a yellow bowl and a white baseball glov...
  Generating 44/100: a photo of an orange microwave and a black spoon...
  Generating 45/100: a photo of an orange skateboard and a pink bowl...
  Generating 46/100: a photo of a blue toilet and a white suitcase...
  Generating 47/100: a photo of a white boat and an orange hot dog...
  Generating 48/100: a photo of a yellow dining table and a pink dog...
  Generating 49/100: a photo of a red cake and a purple chair...
  Generating 50/100: a photo of a blue tie and a pink dining table...
  Generating 51/100: a photo of a blue cow and a black computer keyboar...
  Generating 52/100: a photo of a yellow pizza and a green oven...
  Generating 53/100: a photo of a red laptop and a brown car...
  Generating 54/100: a photo of a purple computer keyboard and a blue s...
  Generating 55/100: a photo of a green surfboard and an orange oven...
  Generating 56/100: a photo of a yellow parking meter and a pink refri...
  Generating 57/100: a photo of a brown computer mouse and a purple bot...
  Generating 58/100: a photo of a red umbrella and a green cow...
  Generating 59/100: a photo of a red giraffe and a black cell phone...
  Generating 60/100: a photo of a brown oven and a purple train...
  Generating 61/100: a photo of a blue baseball bat and a pink book...
  Generating 62/100: a photo of a green cup and a yellow bowl...
  Generating 63/100: a photo of a yellow suitcase and a brown bus...
  Generating 64/100: a photo of an orange motorcycle and a pink donut...
  Generating 65/100: a photo of an orange giraffe and a white baseball ...
  Generating 66/100: a photo of an orange handbag and a green carrot...
  Generating 67/100: a photo of a black bottle and a white refrigerator...
  Generating 68/100: a photo of a white dog and a blue potted plant...
  Generating 69/100: a photo of an orange handbag and a red car...
  Generating 70/100: a photo of a red stop sign and a blue book...
  Generating 71/100: a photo of a yellow car and an orange toothbrush...
  Generating 72/100: a photo of a black potted plant and a yellow toile...
  Generating 73/100: a photo of a brown dining table and a white suitca...
  Generating 74/100: a photo of an orange donut and a yellow stop sign...
  Generating 75/100: a photo of a green suitcase and a blue boat...
  Generating 76/100: a photo of an orange tennis racket and a yellow sp...
  Generating 77/100: a photo of a purple computer keyboard and a red ch...
  Generating 78/100: a photo of a purple suitcase and an orange pizza...
  Generating 79/100: a photo of a white bottle and a blue sheep...
  Generating 80/100: a photo of a purple backpack and a white umbrella...
  Generating 81/100: a photo of an orange potted plant and a black spoo...
  Generating 82/100: a photo of a green tennis racket and a black dog...
  Generating 83/100: a photo of a yellow handbag and a blue refrigerato...
  Generating 84/100: a photo of a pink broccoli and a red sink...
  Generating 85/100: a photo of a red bowl and a pink sink...
  Generating 86/100: a photo of a white toilet and a red apple...
  Generating 87/100: a photo of a pink dining table and a black sandwic...
  Generating 88/100: a photo of a black car and a green parking meter...
  Generating 89/100: a photo of a yellow bird and a black motorcycle...
  Generating 90/100: a photo of a brown giraffe and a white stop sign...
  Generating 91/100: a photo of a white banana and a black elephant...
  Generating 92/100: a photo of an orange cow and a purple sandwich...
  Generating 93/100: a photo of a red clock and a black cell phone...
  Generating 94/100: a photo of a brown knife and a blue donut...
  Generating 95/100: a photo of a red cup and a pink handbag...
  Generating 96/100: a photo of a yellow bicycle and a red motorcycle...
  Generating 97/100: a photo of a red orange and a purple broccoli...
  Generating 98/100: a photo of an orange traffic light and a white toi...
  Generating 99/100: a photo of a green cup and a red pizza...
  Generating 100/100: a photo of a blue pizza and a yellow baseball glov...
Completed geneval_color with SD 3.5.
